<?xml version="1.0" encoding="utf-8"?><testsuites name="pytest tests"><testsuite name="pytest" errors="0" failures="0" skipped="0" tests="4" time="12.767" timestamp="2026-05-26T11:18:58.192095+05:30" hostname="MUM-LAP-2105"><testcase classname="tests.test_inventory" name="test_inventory_page_loads_after_login[chromium]" time="5.854" /><testcase classname="tests.test_inventory" name="test_add_item_to_cart[chromium]" time="2.218" /><testcase classname="tests.test_login" name="test_successful_login[chromium]" time="2.102" /><testcase classname="tests.test_login" name="test_invalid_login_shows_error[chromium]" time="2.554" /></testsuite></testsuites>